.class private auto ansi beforefieldinit NonPublicWithNested
       extends [mscorlib]System.Object
{
  .class auto ansi nested public beforefieldinit PublicNestedClass
         extends [mscorlib]System.Object
  {
    .method public hidebysig instance string 
            MethodReturnsNull() cil managed
    {
      // Code size       34 (0x22)
      .maxstack  3
      .language '{3F5162F8-07C6-11D3-9053-00C04FA302A1}', '{994B45C4-E6E9-11D2-903F-00C04FA302A1}', '{5A869D0B-6611-11D3-BD2A-0000F80849BD}'
      .line 9,9 : 13,25 'AssemblyToProcess\\NonPublicWithNested.cs'
      IL_0000:  ldnull
      .line 16707566,16707566 : 0,0 ''
      IL_0001:  dup
      IL_0002:  ldnull
      IL_0003:  ceq
      IL_0005:  ldc.i4.0
      IL_0006:  ceq
      IL_0008:  ldstr      "[NullGuard] Return value of method 'System.String "
      + "NonPublicWithNested/PublicNestedClass::MethodReturnsNull()' is null."
      IL_000d:  call       void [System]System.Diagnostics.Debug::Assert(bool,
                                                                         string)
      IL_0012:  dup
      IL_0013:  brtrue.s   IL_0021
      IL_0015:  pop
      IL_0016:  ldstr      "[NullGuard] Return value of method 'System.String "
      + "NonPublicWithNested/PublicNestedClass::MethodReturnsNull()' is null."
      IL_001b:  newobj     instance void [mscorlib]System.InvalidOperationException::.ctor(string)
      IL_0020:  throw
      IL_0021:  ret
    } // end of method PublicNestedClass::MethodReturnsNull
    .method public hidebysig specialname rtspecialname 
            instance void  .ctor() cil managed
    {
      // Code size       7 (0x7)
      .maxstack  1
      IL_0000:  ldarg.0
      IL_0001:  call       instance void [mscorlib]System.Object::.ctor()
      IL_0006:  ret
    } // end of method PublicNestedClass::.ctor
  } // end of class PublicNestedClass
  .method public hidebysig specialname rtspecialname 
          instance void  .ctor() cil managed
  {
    // Code size       7 (0x7)
    .maxstack  1
    IL_0000:  ldarg.0
    IL_0001:  call       instance void [mscorlib]System.Object::.ctor()
    IL_0006:  ret
  } // end of method NonPublicWithNested::.ctor
} // end of class NonPublicWithNested